[INFO] Scanning for projects...
[INFO] 
[INFO] ---------< com.oracle.hospitality.hdp:services-router-gateway >---------
[INFO] Building services-router-gateway 1.0.0-SNAPSHOT
[INFO]   from pom.xml
[INFO] --------------------------------[ jar ]---------------------------------
[INFO] 
[INFO] --- clean:3.2.0:clean (default-clean) @ services-router-gateway ---
[INFO] Deleting C:\Users\LENOVO\OneDrive\Desktop\project Spring\target
[INFO] 
[INFO] --- resources:3.2.0:resources (default-resources) @ services-router-gateway ---
[INFO] Using 'UTF-8' encoding to copy filtered resources.
[INFO] Using 'UTF-8' encoding to copy filtered properties files.
[INFO] Copying 2 resources
[INFO] Copying 1 resource
[INFO] 
[INFO] --- compiler:3.7.0:compile (default-compile) @ services-router-gateway ---
[INFO] Changes detected - recompiling the module!
[INFO] Compiling 7 source files to C:\Users\LENOVO\OneDrive\Desktop\project Spring\target\classes
[INFO] -------------------------------------------------------------
[ERROR] COMPILATION ERROR : 
[INFO] -------------------------------------------------------------
[ERROR] /C:/Users/LENOVO/OneDrive/Desktop/project Spring/src/main/java/com/oracle/hospitality/hdp/gateway/model/RequestContext.java:[11,8] records are not supported in -source 8
  (use -source 16 or higher to enable records)
[INFO] 1 error
[INFO] -------------------------------------------------------------
[INFO] ------------------------------------------------------------------------
[INFO] BUILD FAILURE
[INFO] ------------------------------------------------------------------------
[INFO] Total time:  1.698 s
[INFO] Finished at: 2026-02-13T21:33:45+05:30
[INFO] ------------------------------------------------------------------------
[ERROR] Failed to execute goal org.apache.maven.plugins:maven-compiler-plugin:3.7.0:compile (default-compile) on project services-router-gateway: Compilation failure
[ERROR] /C:/Users/LENOVO/OneDrive/Desktop/project Spring/src/main/java/com/oracle/hospitality/hdp/gateway/model/RequestContext.java:[11,8] records are not supported in -source 8
[ERROR]   (use -source 16 or higher to enable records)
[ERROR] 
[ERROR] -> [Help 1]
[ERROR] 
[ERROR] To see the full stack trace of the errors, re-run Maven with the -e switch.
[ERROR] Re-run Maven using the -X switch to enable full debug logging.
[ERROR] 
[ERROR] For more information about the errors and possible solutions, please read the following articles:
[ERROR] [Help 1] http://cwiki.apache.org/confluence/display/MAVEN/MojoFailureException
